[    0.000000] Initializing cgroup subsys cpuset
[    0.000000] Initializing cgroup subsys cpu
[    0.000000] Initializing cgroup subsys cpuacct
[    0.000000] Linux version 4.4.0-210-generic (buildd@lgw01-amd64-009) (gcc version 5.4.0 20160609 (Ubuntu 5.4.0-6ubuntu1~16.04.12) ) #242-Ubuntu SMP Fri Apr 16 09:57:56 UTC 2021 (Ubuntu 4.4.0-210.242-generic 4.4.262)
[    0.000000] Command line: BOOT_IMAGE=/boot/vmlinuz-4.4.0-210-generic root=LABEL=cloudimg-rootfs ro console=tty1 console=ttyS0
[    0.000000] KERNEL supported cpus:
[    0.000000]   Intel GenuineIntel
[    0.000000]   AMD AuthenticAMD
[    0.000000]   Centaur CentaurHauls
[    0.000000] x86/fpu: xstate_offset[2]:  576, xstate_sizes[2]:  256
[    0.000000] x86/fpu: Supporting XSAVE feature 0x01: 'x87 floating point registers'
[    0.000000] x86/fpu: Supporting XSAVE feature 0x02: 'SSE registers'
[    0.000000] x86/fpu: Supporting XSAVE feature 0x04: 'AVX registers'
[    0.000000] x86/fpu: Enabled xstate features 0x7, context size is 832 bytes, using 'standard' format.
[    0.000000] e820: BIOS-provided physical RAM map:
[    0.000000] BIOS-e820: [mem 0x0000000000000000-0x000000000009fbff] usable
[    0.000000] BIOS-e820: [mem 0x000000000009fc00-0x000000000009ffff] reserved
[    0.000000] BIOS-e820: [mem 0x00000000000f0000-0x00000000000fffff] reserved
[    0.000000] BIOS-e820: [mem 0x0000000000100000-0x000000007ffeffff] usable
[    0.000000] BIOS-e820: [mem 0x000000007fff0000-0x000000007fffffff] ACPI data
[    0.000000] BIOS-e820: [mem 0x00000000fec00000-0x00000000fec00fff] reserved
[    0.000000] BIOS-e820: [mem 0x00000000fee00000-0x00000000fee00fff] reserved
[    0.000000] BIOS-e820: [mem 0x00000000fffc0000-0x00000000ffffffff] reserved
[    0.000000] NX (Execute Disable) protection: active
[    0.000000] SMBIOS 2.5 present.
[    0.000000] Hypervisor detected: KVM
[    0.000000] e820: last_pfn = 0x7fff0 max_arch_pfn = 0x400000000
[    0.000000] MTRR: Disabled
[    0.000000] x86/PAT: MTRRs disabled, skipping PAT initialization too.
[    0.000000] CPU MTRRs all blank - virtualized system.
[    0.000000] x86/PAT: Configuration [0-7]: WB  WT  UC- UC  WB  WT  UC- UC  
[    0.000000] found SMP MP-table at [mem 0x0009fff0-0x0009ffff] mapped at [ffff88000009fff0]
[    0.000000] Scanning 1 areas for low memory corruption
[    0.000000] RAMDISK: [mem 0x362dc000-0x37165fff]
[    0.000000] ACPI: Early table checksum verification disabled
[    0.000000] ACPI: RSDP 0x00000000000E0000 000024 (v02 VBOX  )
[    0.000000] ACPI: XSDT 0x000000007FFF0030 00003C (v01 VBOX   VBOXXSDT 00000001 ASL  00000061)
[    0.000000] ACPI: FACP 0x000000007FFF00F0 0000F4 (v04 VBOX   VBOXFACP 00000001 ASL  00000061)
[    0.000000] ACPI: DSDT 0x000000007FFF0470 002325 (v02 VBOX   VBOXBIOS 00000002 INTL 20120111)
[    0.000000] ACPI: FACS 0x000000007FFF0200 000040
[    0.000000] ACPI: FACS 0x000000007FFF0200 000040
[    0.000000] ACPI: APIC 0x000000007FFF0240 00005C (v02 VBOX   VBOXAPIC 00000001 ASL  00000061)
[    0.000000] ACPI: SSDT 0x000000007FFF02A0 0001CC (v01 VBOX   VBOXCPUT 00000002 INTL 20120111)
[    0.000000] No NUMA configuration found
[    0.000000] Faking a node at [mem 0x0000000000000000-0x000000007ffeffff]
[    0.000000] NODE_DATA(0) allocated [mem 0x7ffeb000-0x7ffeffff]
[    0.000000] kvm-clock: Using msrs 4b564d01 and 4b564d00
[    0.000000] kvm-clock: cpu 0, msr 0:7ffe3001, primary cpu clock
[    0.000000] kvm-clock: using sched offset of 4191550717 cycles
[    0.000000] clocksource: kvm-clock: mask: 0xffffffffffffffff max_cycles: 0x1cd42e4dffb, max_idle_ns: 881590591483 ns
[    0.000000] Zone ranges:
[    0.000000]   DMA      [mem 0x0000000000001000-0x0000000000ffffff]
[    0.000000]   DMA32    [mem 0x0000000001000000-0x000000007ffeffff]
[    0.000000]   Normal   empty
[    0.000000]   Device   empty
[    0.000000] Movable zone start for each node
[    0.000000] Early memory node ranges
[    0.000000]   node   0: [mem 0x0000000000001000-0x000000000009efff]
[    0.000000]   node   0: [mem 0x0000000000100000-0x000000007ffeffff]
[    0.000000] Initmem setup node 0 [mem 0x0000000000001000-0x000000007ffeffff]
[    0.000000] ACPI: PM-Timer IO Port: 0x4008
[    0.000000] IOAPIC[0]: apic_id 2, version 32, address 0xfec00000, GSI 0-23
[    0.000000] ACPI: INT_SRC_OVR (bus 0 bus_irq 0 global_irq 2 dfl dfl)
[    0.000000] ACPI: INT_SRC_OVR (bus 0 bus_irq 9 global_irq 9 low level)
[    0.000000] Using ACPI (MADT) for SMP configuration information
[    0.000000] smpboot: Allowing 2 CPUs, 0 hotplug CPUs
[    0.000000] PM: Registered nosave memory: [mem 0x00000000-0x00000fff]
[    0.000000] PM: Registered nosave memory: [mem 0x0009f000-0x0009ffff]
[    0.000000] PM: Registered nosave memory: [mem 0x000a0000-0x000effff]
[    0.000000] PM: Registered nosave memory: [mem 0x000f0000-0x000fffff]
[    0.000000] e820: [mem 0x80000000-0xfebfffff] available for PCI devices
[    0.000000] Booting paravirtualized kernel on KVM
[    0.000000] clocksource: refined-jiffies: mask: 0xffffffff max_cycles: 0xffffffff, max_idle_ns: 7645519600211568 ns
[    0.000000] setup_percpu: NR_CPUS:512 nr_cpumask_bits:512 nr_cpu_ids:2 nr_node_ids:1
[    0.000000] PERCPU: Embedded 33 pages/cpu @ffff88007fc00000 s95192 r8192 d31784 u1048576
[    0.000000] Built 1 zonelists in Node order, mobility grouping on.  Total pages: 515960
[    0.000000] Policy zone: DMA32
[    0.000000] Kernel command line: BOOT_IMAGE=/boot/vmlinuz-4.4.0-210-generic root=LABEL=cloudimg-rootfs ro console=tty1 console=ttyS0
[    0.000000] PID hash table entries: 4096 (order: 3, 32768 bytes)
[    0.000000] Memory: 2029984K/2096696K available (8644K kernel code, 1332K rwdata, 4044K rodata, 1492K init, 1164K bss, 66712K reserved, 0K cma-reserved)
[    0.000000] SLUB: HWalign=64, Order=0-3, MinObjects=0, CPUs=2, Nodes=1
[    0.000000] Kernel/User page tables isolation: enabled
[    0.000000] Hierarchical RCU implementation.
[    0.000000] 	Build-time adjustment of leaf fanout to 64.
[    0.000000] 	RCU restricting CPUs from NR_CPUS=512 to nr_cpu_ids=2.
[    0.000000] RCU: Adjusting geometry for rcu_fanout_leaf=64, nr_cpu_ids=2
[    0.000000] NR_IRQS:33024 nr_irqs:440 16
[    0.000000] Console: colour VGA+ 80x25
[    0.000000] console [tty1] enabled
[    0.000000] console [ttyS0] enabled
[    0.000000] tsc: Detected 2194.918 MHz processor
[    0.227754] Calibrating delay loop (skipped) preset value.. 4389.83 BogoMIPS (lpj=8779672)
[    0.230536] pid_max: default: 32768 minimum: 301
[    0.232449] ACPI: Core revision 20150930
[    0.234365] ACPI: 2 ACPI AML tables successfully acquired and loaded
[    0.237144] Security Framework initialized
[    0.238401] Yama: becoming mindful.
[    0.240483] AppArmor: AppArmor initialized
[    0.243485] Dentry cache hash table entries: 262144 (order: 9, 2097152 bytes)
[    0.246544] Inode-cache hash table entries: 131072 (order: 8, 1048576 bytes)
[    0.250349] Mount-cache hash table entries: 4096 (order: 3, 32768 bytes)
[    0.252162] Mountpoint-cache hash table entries: 4096 (order: 3, 32768 bytes)
[    0.254414] Initializing cgroup subsys io
[    0.256232] Initializing cgroup subsys memory
[    0.257478] Initializing cgroup subsys devices
[    0.258889] Initializing cgroup subsys freezer
[    0.261923] Initializing cgroup subsys net_cls
[    0.263257] Initializing cgroup subsys perf_event
[    0.264989] Initializing cgroup subsys net_prio
[    0.266460] Initializing cgroup subsys hugetlb
[    0.268167] Initializing cgroup subsys pids
[    0.276141] mce: CPU supports 0 MCE banks
[    0.277558] Last level iTLB entries: 4KB 1024, 2MB 1024, 4MB 1024
[    0.279648] Last level dTLB entries: 4KB 1024, 2MB 1024, 4MB 1024, 1GB 4
[    0.281344] Spectre V1 : Mitigation: usercopy/swapgs barriers and __user pointer sanitization
[    0.284789] Spectre V2 : Mitigation: Full generic retpoline
[    0.286285] Spectre V2 : Spectre v2 / SpectreRSB mitigation: Filling RSB on context switch
[    0.288621] Speculative Store Bypass: Vulnerable
[    0.290080] SRBDS: Unknown: Dependent on hypervisor status
[    0.292300] MDS: Mitigation: Clear CPU buffers
[    0.296715] Freeing SMP alternatives memory: 36K
[    0.303931] ftrace: allocating 32380 entries in 127 pages
[    0.364757] smpboot: APIC(0) Converting physical 0 to logical package 0
[    0.374617] smpboot: Max logical packages: 1
[    0.383625] x2apic enabled
[    0.385561] Switched APIC routing to physical x2apic.
[    0.391198] ..TIMER: vector=0x30 apic1=0 pin1=2 apic2=-1 pin2=-1
[    0.501454] smpboot: CPU0: Intel(R) Core(TM) i7-4770HQ CPU @ 2.20GHz (family: 0x6, model: 0x46, stepping: 0x1)
[    0.505322] Performance Events: unsupported p6 CPU model 70 no PMU driver, software events only.
[    0.521054] KVM setup paravirtual spinlock
[    0.525172] x86: Booting SMP configuration:
[    0.526448] .... node  #0, CPUs:      #1
[    0.527862] kvm-clock: cpu 1, msr 0:7ffe3041, secondary cpu clock
[    0.538807] mce: CPU supports 0 MCE banks
[    0.543476] x86: Booted up 1 node, 2 CPUs
[    0.545009] smpboot: Total of 2 processors activated (8779.67 BogoMIPS)
[    0.547604] devtmpfs: initialized
[    0.550491] evm: security.selinux
[    0.551655] evm: security.SMACK64
[    0.552804] evm: security.SMACK64EXEC
[    0.553950] evm: security.SMACK64TRANSMUTE
[    0.555397] evm: security.SMACK64MMAP
[    0.556695] evm: security.ima
[    0.557695] evm: security.capability
[    0.558994] clocksource: jiffies: mask: 0xffffffff max_cycles: 0xffffffff, max_idle_ns: 7645041785100000 ns
[    0.561833] futex hash table entries: 512 (order: 3, 32768 bytes)
[    0.564783] pinctrl core: initialized pinctrl subsystem
[    0.567369] RTC time: 15:38:44, date: 04/18/22
[    0.569880] NET: Registered protocol family 16
[    0.582403] cpuidle: using governor ladder
[    0.594773] cpuidle: using governor menu
[    0.597401] PCCT header not found.
[    0.599179] ACPI: bus type PCI registered
[    0.601467] acpiphp: ACPI Hot Plug PCI Controller Driver version: 0.5
[    0.603955] PCI: Using configuration type 1 for base access
[    0.619653] ACPI: Added _OSI(Module Device)
[    0.621355] ACPI: Added _OSI(Processor Device)
[    0.623052] ACPI: Added _OSI(3.0 _SCP Extensions)
[    0.624666] ACPI: Added _OSI(Processor Aggregator Device)
[    0.627083] ACPI: Executed 1 blocks of module-level executable AML code
[    0.631772] ACPI: Interpreter enabled
[    0.635226] ACPI: (supports S0 S5)
[    0.636404] ACPI: Using IOAPIC for interrupt routing
[    0.638320] PCI: Using host bridge windows from ACPI; if necessary, use "pci=nocrs" and report a bug
[    0.646138] ACPI: PCI Root Bridge [PCI0] (domain 0000 [bus 00-ff])
[    0.648630] acpi PNP0A03:00: _OSC: OS supports [ASPM ClockPM Segments MSI]
[    0.650974] acpi PNP0A03:00: _OSC: not requesting OS control; OS requires [ExtendedConfig ASPM ClockPM MSI]
[    0.654009] acpi PNP0A03:00: fail to add MMCONFIG information, can't access extended PCI configuration space under this bridge.
[    0.658135] PCI host bridge to bus 0000:00
[    0.659321] pci_bus 0000:00: root bus resource [io  0x0000-0x0cf7 window]
[    0.661143] pci_bus 0000:00: root bus resource [io  0x0d00-0xffff window]
[    0.663012] pci_bus 0000:00: root bus resource [mem 0x000a0000-0x000bffff window]
[    0.665482] pci_bus 0000:00: root bus resource [mem 0x80000000-0xfdffffff window]
[    0.668784] pci_bus 0000:00: root bus resource [bus 00-ff]
[    0.675668] pci 0000:00:01.1: legacy IDE quirk: reg 0x10: [io  0x01f0-0x01f7]
[    0.677769] pci 0000:00:01.1: legacy IDE quirk: reg 0x14: [io  0x03f6]
[    0.679837] pci 0000:00:01.1: legacy IDE quirk: reg 0x18: [io  0x0170-0x0177]
[    0.691911] pci 0000:00:01.1: legacy IDE quirk: reg 0x1c: [io  0x0376]
[    0.721778] pci 0000:00:07.0: quirk: [io  0x4000-0x403f] claimed by PIIX4 ACPI
[    0.724108] pci 0000:00:07.0: quirk: [io  0x4100-0x410f] claimed by PIIX4 SMB
[    0.741243] ACPI: PCI Interrupt Link [LNKA] (IRQs 5 9 10 *11)
[    0.743523] ACPI: PCI Interrupt Link [LNKB] (IRQs 5 9 *10 11)
[    0.745613] ACPI: PCI Interrupt Link [LNKC] (IRQs 5 *9 10 11)
[    0.748773] ACPI: PCI Interrupt Link [LNKD] (IRQs 5 9 10 *11)
[    0.751415] ACPI: Enabled 2 GPEs in block 00 to 07
[    0.753416] vgaarb: setting as boot device: PCI:0000:00:02.0
[    0.755282] vgaarb: device added: PCI:0000:00:02.0,decodes=io+mem,owns=io+mem,locks=none
[    0.757930] vgaarb: loaded
[    0.758844] vgaarb: bridge control possible 0000:00:02.0
[    0.760612] SCSI subsystem initialized
[    0.761880] ACPI: bus type USB registered
[    0.763318] usbcore: registered new interface driver usbfs
[    0.765773] usbcore: registered new interface driver hub
[    0.767403] usbcore: registered new device driver usb
[    0.769051] PCI: Using ACPI for IRQ routing
[    0.770652] NetLabel: Initializing
[    0.771633] NetLabel:  domain hash size = 128
[    0.773001] NetLabel:  protocols = UNLABELED CIPSOv4
[    0.774679] NetLabel:  unlabeled traffic allowed by default
[    0.776382] amd_nb: Cannot enumerate AMD northbridges
[    0.777976] clocksource: Switched to clocksource kvm-clock
[    0.787663] AppArmor: AppArmor Filesystem Enabled
[    0.789138] pnp: PnP ACPI init
[    0.791447] pnp: PnP ACPI: found 3 devices
[    0.803299] clocksource: acpi_pm: mask: 0xffffff max_cycles: 0xffffff, max_idle_ns: 2085701024 ns
[    0.805835] NET: Registered protocol family 2
[    0.807464] TCP established hash table entries: 16384 (order: 5, 131072 bytes)
[    0.809767] TCP bind hash table entries: 16384 (order: 6, 262144 bytes)
[    0.811611] TCP: Hash tables configured (established 16384 bind 16384)
[    0.813435] UDP hash table entries: 1024 (order: 3, 32768 bytes)
[    0.815336] UDP-Lite hash table entries: 1024 (order: 3, 32768 bytes)
[    0.817141] NET: Registered protocol family 1
[    0.818528] pci 0000:00:00.0: Limiting direct PCI/PCI transfers
[    0.820175] pci 0000:00:01.0: Activating ISA DMA hang workarounds
[    0.822218] Unpacking initramfs...
[    1.041210] Freeing initrd memory: 14888K
[    1.042588] clocksource: tsc: mask: 0xffffffffffffffff max_cycles: 0x1fa37202099, max_idle_ns: 440795206796 ns
[    1.045376] platform rtc_cmos: registered platform RTC device (no PNP device found)
[    1.048142] Scanning for low memory corruption every 60 seconds
[    1.053075] audit: initializing netlink subsys (disabled)
[    1.054854] audit: type=2000 audit(1650296330.783:1): initialized
[    1.056832] Initialise system trusted keyring
[    1.058604] HugeTLB registered 2 MB page size, pre-allocated 0 pages
[    1.061562] zbud: loaded
[    1.062908] VFS: Disk quotas dquot_6.6.0
[    1.064604] VFS: Dquot-cache hash table entries: 512 (order 0, 4096 bytes)
[    1.068278] squashfs: version 4.0 (2009/01/31) Phillip Lougher
[    1.070290] fuse init (API version 7.23)
[    1.071657] Key type big_key registered
[    1.073307] Allocating IMA MOK and blacklist keyrings.
[    1.076064] Key type asymmetric registered
[    1.077243] Asymmetric key parser 'x509' registered
[    1.078766] Block layer SCSI generic (bsg) driver version 0.4 loaded (major 249)
[    1.081401] io scheduler noop registered
[    1.083815] io scheduler deadline registered (default)
[    1.085414] io scheduler cfq registered
[    1.086742] pci_hotplug: PCI Hot Plug PCI Core version: 0.5
[    1.088301] pciehp: PCI Express Hot Plug Controller Driver version: 0.4
[    1.090666] ACPI: AC Adapter [AC] (off-line)
[    1.092096] input: Power Button as /devices/LNXSYSTM:00/LNXPWRBN:00/input/input0
[    1.094665] ACPI: Power Button [PWRF]
[    1.095960] input: Sleep Button as /devices/LNXSYSTM:00/LNXSLPBN:00/input/input1
[    1.101639] ACPI: Sleep Button [SLPF]
[    1.103078] GHES: HEST is not enabled!
[    1.105519] ACPI: Battery Slot [BAT0] (battery present)
[    1.107443] Serial: 8250/16550 driver, 32 ports, IRQ sharing enabled
[    1.130414] 00:02: ttyS0 at I/O 0x3f8 (irq = 4, base_baud = 115200) is a 16550A
[    1.136755] Linux agpgart interface v0.103
[    1.142681] loop: module loaded
[    1.144286] scsi host0: ata_piix
[    1.145602] scsi host1: ata_piix
[    1.146977] ata1: PATA max UDMA/33 cmd 0x1f0 ctl 0x3f6 bmdma 0xd000 irq 14
[    1.149599] ata2: PATA max UDMA/33 cmd 0x170 ctl 0x376 bmdma 0xd008 irq 15
[    1.153773] libphy: Fixed MDIO Bus: probed
[    1.155726] tun: Universal TUN/TAP device driver, 1.6
[    1.157233] tun: (C) 1999-2004 Max Krasnyansky <maxk@qualcomm.com>
[    1.159386] PPP generic driver version 2.4.2
[    1.160990] ehci_hcd: USB 2.0 'Enhanced' Host Controller (EHCI) Driver
[    1.163293] ehci-pci: EHCI PCI platform driver
[    1.166731] ehci-platform: EHCI generic platform driver
[    1.169820] ohci_hcd: USB 1.1 'Open' Host Controller (OHCI) Driver
[    1.171931] ohci-pci: OHCI PCI platform driver
[    1.173192] ohci-platform: OHCI generic platform driver
[    1.174661] uhci_hcd: USB Universal Host Controller Interface driver
[    1.176707] i8042: PNP: PS/2 Controller [PNP0303:PS2K,PNP0f03:PS2M] at 0x60,0x64 irq 1,12
[    1.180038] serio: i8042 KBD port at 0x60,0x64 irq 1
[    1.183000] serio: i8042 AUX port at 0x60,0x64 irq 12
[    1.186431] mousedev: PS/2 mouse device common for all mice
[    1.188639] input: AT Translated Set 2 keyboard as /devices/platform/i8042/serio0/input/input2
[    1.191667] rtc_cmos rtc_cmos: rtc core: registered rtc_cmos as rtc0
[    1.193725] rtc_cmos rtc_cmos: alarms up to one day, 114 bytes nvram
[    1.195880] i2c /dev entries driver
[    1.197065] device-mapper: uevent: version 1.0.3
[    1.199058] device-mapper: ioctl: 4.34.0-ioctl (2015-10-28) initialised: dm-devel@redhat.com
[    1.202637] ledtrig-cpu: registered to indicate activity on CPUs
[    1.204888] NET: Registered protocol family 10
[    1.206378] NET: Registered protocol family 17
[    1.207659] Key type dns_resolver registered
[    1.209474] registered taskstats version 1
[    1.210813] Loading compiled-in X.509 certificates
[    1.212824] Loaded X.509 cert 'Build time autogenerated kernel key: cf00e047681d67edb2720680708b7d9498083038'
[    1.216653] zswap: loaded using pool lzo/zbud
[    1.220155] Key type trusted registered
[    1.224266] Key type encrypted registered
[    1.225546] AppArmor: AppArmor sha1 policy hashing enabled
[    1.227198] ima: No TPM chip found, activating TPM-bypass!
[    1.229200] ima: Allocated hash algorithm: sha1
[    1.230682] evm: HMAC attrs: 0x1
[    1.232460]   Magic number: 2:512:639
[    1.234851] rtc_cmos rtc_cmos: setting system clock to 2022-04-18 15:38:45 UTC (1650296325)
[    1.237721] BIOS EDD facility v0.16 2004-Jun-25, 0 devices found
[    1.239575] EDD information not available.
[    1.330913] Freeing unused kernel memory: 1492K
[    1.332281] Write protecting the kernel read-only data: 14336k
[    1.334893] Freeing unused kernel memory: 1584K
[    1.336469] Freeing unused kernel memory: 52K
Loading, please wait...
starting version 229
[    1.352108] random: systemd-udevd: uninitialized urandom read (16 bytes read, 2 bits of entropy available)
[    1.352500] random: udevadm: uninitialized urandom read (16 bytes read, 2 bits of entropy available)
[    1.352526] random: udevadm: uninitialized urandom read (16 bytes read, 2 bits of entropy available)
[    1.360636] random: udevadm: uninitialized urandom read (16 bytes read, 2 bits of entropy available)
[    1.360680] random: udevadm: uninitialized urandom read (16 bytes read, 2 bits of entropy available)
[    1.360813] random: udevadm: uninitialized urandom read (16 bytes read, 2 bits of entropy available)
[    1.360862] random: udevadm: uninitialized urandom read (16 bytes read, 2 bits of entropy available)
[    1.360911] random: udevadm: uninitialized urandom read (16 bytes read, 2 bits of entropy available)
[    1.360960] random: udevadm: uninitialized urandom read (16 bytes read, 2 bits of entropy available)
[    1.361007] random: udevadm: uninitialized urandom read (16 bytes read, 2 bits of entropy available)
[    1.422680] e1000: Intel(R) PRO/1000 Network Driver - version 7.3.21-k8-NAPI
[    1.425072] e1000: Copyright (c) 1999-2006 Intel Corporation.
[    1.429112] Fusion MPT base driver 3.04.20
[    1.430689] Copyright (c) 1999-2008 LSI Corporation
[    1.437425] Fusion MPT SPI Host driver 3.04.20
[    1.454285] AVX2 version of gcm_enc/dec engaged.
[    1.456356] AES CTR mode by8 optimization enabled
[    1.641957] input: ImExPS/2 Generic Explorer Mouse as /devices/platform/i8042/serio1/input/input4
[    2.053328] e1000 0000:00:03.0 eth0: (PCI:33MHz:32-bit) 02:be:82:6b:cc:1d
[    2.113385] e1000 0000:00:03.0 eth0: Intel(R) PRO/1000 Network Connection
[    2.116985] mptbase: ioc0: Initiating bringup
[    2.798610] ioc0: LSI53C1030 A0: Capabilities={Initiator}
[    4.739864] scsi host2: ioc0: LSI53C1030 A0, FwRev=00000000h, Ports=1, MaxQ=256, IRQ=20
[    5.976478] scsi 2:0:0:0: Direct-Access     VBOX     HARDDISK         1.0  PQ: 0 ANSI: 5
[    5.979633] scsi target2:0:0: Beginning Domain Validation
[    5.985311] scsi target2:0:0: Domain Validation skipping write tests
[    5.987295] scsi target2:0:0: Ending Domain Validation
[    5.988855] scsi target2:0:0: asynchronous
[    5.990754] scsi 2:0:1:0: Direct-Access     VBOX     HARDDISK         1.0  PQ: 0 ANSI: 5
[    5.993703] scsi target2:0:1: Beginning Domain Validation
[    5.996540] scsi target2:0:1: Domain Validation skipping write tests
[    5.998271] scsi target2:0:1: Ending Domain Validation
[    6.009267] scsi target2:0:1: asynchronous
[    6.016186] sd 2:0:0:0: Attached scsi generic sg0 type 0
[    6.022884] sd 2:0:0:0: [sda] 83886080 512-byte logical blocks: (42.9 GB/40.0 GiB)
[    6.026158] sd 2:0:1:0: Attached scsi generic sg1 type 0
[    6.028110] sd 2:0:0:0: [sda] Write Protect is off
[    6.028136] sd 2:0:1:0: [sdb] 20480 512-byte logical blocks: (10.5 MB/10.0 MiB)
[    6.032646] sd 2:0:1:0: [sdb] Write Protect is off
[    6.034508] sd 2:0:1:0: [sdb] Incomplete mode parameter data
[    6.036613] sd 2:0:1:0: [sdb] Assuming drive cache: write through
[    6.038726] sd 2:0:0:0: [sda] Incomplete mode parameter data
[    6.041168] sd 2:0:0:0: [sda] Assuming drive cache: write through
[    6.047370]  sda: sda1
[    6.049646] sd 2:0:1:0: [sdb] Attached SCSI disk
[    6.051281] sd 2:0:0:0: [sda] Attached SCSI disk
[    6.770375] e1000 0000:00:08.0 eth1: (PCI:33MHz:32-bit) 08:00:27:1c:05:88
[    6.772919] e1000 0000:00:08.0 eth1: Intel(R) PRO/1000 Network Connection
[    6.778993] e1000 0000:00:03.0 enp0s3: renamed from eth0
[    6.798678] e1000 0000:00:08.0 enp0s8: renamed from eth1
Begin: Loading essential drivers ... [    8.130732] md: linear personality registered for level -1
[    8.135251] md: multipath personality registered for level -4
[    8.140071] md: raid0 personality registered for level 0
[    8.145932] md: raid1 personality registered for level 1
[    8.218495] raid6: sse2x1   gen()  8761 MB/s
[    8.286091] raid6: sse2x1   xor()  7095 MB/s
[    8.354107] raid6: sse2x2   gen() 12275 MB/s
[    8.422094] raid6: sse2x2   xor()  7961 MB/s
[    8.490121] raid6: sse2x4   gen() 14003 MB/s
[    8.558107] raid6: sse2x4   xor()  9767 MB/s
[    8.626563] raid6: avx2x1   gen() 18259 MB/s
[    8.694093] raid6: avx2x2   gen() 20779 MB/s
[    8.762534] raid6: avx2x4   gen() 25124 MB/s
[    8.763882] raid6: using algorithm avx2x4 gen() 25124 MB/s
[    8.765633] raid6: using avx2x2 recovery algorithm
[    8.768723] xor: automatically using best checksumming function:
[    8.810029]    avx       : 35756.000 MB/sec
[    8.812374] async_tx: api initialized (async)
[    8.823468] md: raid6 personality registered for level 6
[    8.825187] md: raid5 personality registered for level 5
[    8.826903] md: raid4 personality registered for level 4
[    8.835629] md: raid10 personality registered for level 10
done.
Begin: Running /scripts/init-premount ... done.
Begin: Mounting root file system ... Begin: Running /scripts/local-top ... done.
Begin: Running /scripts/local-premount ... [    8.866333] Btrfs loaded
Scanning for Btrfs filesystems
done.
Warning: fsck not present, so skipping root file system
[    8.896834] EXT4-fs (sda1): INFO: recovery required on readonly filesystem
[    8.899046] EXT4-fs (sda1): write access will be enabled during recovery
[    9.130771] EXT4-fs (sda1): recovery complete
[    9.132177] EXT4-fs (sda1): mounted filesystem with ordered data mode. Opts: (null)
done.
Begin: Running /scripts/local-bottom ... done.
Begin: Running /scripts/init-bottom ... done.
[    9.271463] systemd[1]: systemd 229 running in system mode. (+PAM +AUDIT +SELINUX +IMA +APPARMOR +SMACK +SYSVINIT +UTMP +LIBCRYPTSETUP +GCRYPT +GNUTLS +ACL +XZ -LZ4 +SECCOMP +BLKID +ELFUTILS +KMOD -IDN)
[    9.277492] systemd[1]: Detected virtualization oracle.
[    9.279256] systemd[1]: Detected architecture x86-64.

Welcome to [1mUbuntu 16.04.7 LTS[0m!

[    9.284648] systemd[1]: Set hostname to <mule-runtime-production>.
[    9.446934] systemd[1]: Listening on Journal Socket.
[[0;32m  OK  [0m] Listening on Journal Socket.
[    9.450434] systemd[1]: Reached target Encrypted Volumes.
[[0;32m  OK  [0m] Reached target Encrypted Volumes.
[    9.453390] systemd[1]: Listening on Device-mapper event daemon FIFOs.
[[0;32m  OK  [0m] Listening on Device-mapper event daemon FIFOs.
[    9.456471] systemd[1]: Listening on udev Kernel Socket.
[[0;32m  OK  [0m] Listening on udev Kernel Socket.
[    9.459882] systemd[1]: Reached target User and Group Name Lookups.
[[0;32m  OK  [0m] Reached target User and Group Name Lookups.
[    9.463169] systemd[1]: Listening on Journal Socket (/dev/log).
[[0;32m  OK  [0m] Listening on Journal Socket (/dev/log).
[    9.466571] systemd[1]: Set up automount Arbitrary Executable File Formats File System Automount Point.
[[0;32m  OK  [0m] Set up automount Arbitrary Executab...ats File System Automount Point.
[    9.471456] systemd[1]: Listening on udev Control Socket.
[[0;32m  OK  [0m] Listening on udev Control Socket.
[    9.474714] systemd[1]: Started Forward Password Requests to Wall Directory Watch.
[[0;32m  OK  [0m] Started Forward Password Requests to Wall Directory Watch.
[    9.478431] systemd[1]: Listening on Journal Audit Socket.
[[0;32m  OK  [0m] Listening on Journal Audit Socket.
[    9.481743] systemd[1]: Reached target System Time Synchronized.
[[0;32m  OK  [0m] Reached target System Time Synchronized.
[    9.485473] systemd[1]: Created slice User and Session Slice.
[[0;32m  OK  [0m] Created slice User and Session Slice.
[    9.488516] systemd[1]: Listening on fsck to fsckd communication Socket.
[[0;32m  OK  [0m] Listening on fsck to fsckd communication Socket.
[    9.492528] systemd[1]: Listening on Syslog Socket.
[[0;32m  OK  [0m] Listening on Syslog Socket.
[    9.495231] systemd[1]: Listening on LVM2 poll daemon socket.
[[0;32m  OK  [0m] Listening on LVM2 poll daemon socket.
[    9.498787] systemd[1]: Listening on /dev/initctl Compatibility Named Pipe.
[[0;32m  OK  [0m] Listening on /dev/initctl Compatibility Named Pipe.
[    9.502387] systemd[1]: Started Trigger resolvconf update for networkd DNS.
[[0;32m  OK  [0m] Started Trigger resolvconf update for networkd DNS.
[    9.506466] systemd[1]: Created slice System Slice.
[[0;32m  OK  [0m] Created slice System Slice.
[    9.509573] systemd[1]: Created slice system-serial\x2dgetty.slice.
[[0;32m  OK  [0m] Created slice system-serial\x2dgetty.slice.
[    9.534607] systemd[1]: Starting Journal Service...
         Starting Journal Service...
[    9.548249] systemd[1]: Starting Set console keymap...
         Starting Set console keymap...
[    9.552595] systemd[1]: Reached target Slices.
[[0;32m  OK  [0m] Reached target Slices.
[    9.557081] systemd[1]: Starting File System Check on Root Device...
         Starting File System Check on Root Device...
[    9.561951] systemd[1]: Mounting Huge Pages File System...
         Mounting Huge Pages File System...
[    9.570336] systemd[1]: Starting Nameserver information manager...
         Starting Nameserver information manager...
[    9.577191] systemd[1]: Mounting POSIX Message Queue File System...
         Mounting POSIX Message Queue File System...
[    9.581423] systemd[1]: Starting Create list of required static device nodes for the current kernel...
         Starting Create list of required st... nodes for the current kernel...
[    9.588783] systemd[1]: Starting Load Kernel Modules...
         Starting Load Kernel Modules...
[    9.595367] systemd[1]: Starting Uncomplicated firewall...
         Starting Uncomplicated firewall...
[    9.598251] systemd[1]: Listening on LVM2 metadata daemon socket.
[[0;32m  OK  [0m] Listening on LVM2 metadata daemon socket.
[    9.605051] systemd[1]: Starting Monitoring of LVM2 mirrors, snapshots etc. using dmeventd or progress polling...
         Starting Monitoring of LVM2 mirrors... dmeventd or progress polling...
[    9.612155] Loading iSCSI transport class v2.0-870.
[    9.612985] systemd[1]: Mounting Debug File System...
         Mounting Debug File System...
[    9.617665] systemd[1]: Mounted Huge Pages File System.
[[0;32m  OK  [0m] Mounted Huge Pages File System.
[    9.626339] systemd[1]: Mounted POSIX Message Queue File System.
[[0;32m  OK  [0m] Mounted POSIX Message Queue File System.
[    9.629709] systemd[1]: Mounted Debug File System.
[[0;32m  OK  [0m] Mounted Debug File System.
[    9.632615] systemd[1]: Started Journal Service.
[[0;32m  OK  [0m] Started Journal Service.
[[0;32m  OK  [0m] Started Set cons[    9.639826] iscsi: registered transport (tcp)
ole keymap.
[[0;32m  OK  [0m] Started File System Check on Root Device.
[[0;32m  OK  [0m] Started Create list of required sta...ce nodes for the current kernel.
[[0;32m  OK  [0m] Started Uncomplicated firewall.
[[0;32m  OK  [0m] Started Nameserver information manager.
[    9.671310] iscsi: registered transport (iser)
[[0;32m  OK  [0m] Started LVM2 metadata daemon.
[[0;32m  OK  [0m] Started File System Check Daemon to report status.
         Starting Create Static Device Nodes in /dev...
         Starting Remount Root and Kernel File Systems...
[[0;32m  OK  [0m] Started Load Kernel Modules.
         Mounting FUSE Control File System...
[    9.692753] EXT4-fs (sda1): re-mounted. Opts: (null)
         Starting Apply Kernel Variables...
[[0;32m  OK  [0m] Mounted FUSE Control File System.
[[0;32m  OK  [0m] Started Remount Root and Kernel File Systems.
[[0;32m  OK  [0m] Started Apply Kernel Variables.
[[0;32m  OK  [0m] Started Create Static Device Nodes in /dev.
         Starting udev Kernel Device Manager...
         Starting Load/Save Random Seed...
         Activating swap /swapfile...
         Starting Flush Journal to Persistent Storage...
         Starting udev Coldplug all Devices...
[[0;32m  OK  [0m] Started Load/Save Random Seed.
[[0;32m  OK  [0m] Started Flush Journal to Persistent Storage.
[[0;32m  OK  [0m] Started udev Kernel Device Manager.
[[0;32m  OK  [0m] Activated swap /swapfile.
[[0;32m  OK  [0m] Reached target Swap.
[[0;32m  OK  [0m] Started udev Coldplug all Devices.
[[0;32m  OK  [0m] Started Dispatch Password Requests to Console Directory Watch.
[[0;32m  OK  [0m] Started Monitoring of LVM2 mirrors,...ng dmeventd or progress polling.
[[0;32m  OK  [0m] Reached target Local File Systems (Pre).
[[0;32m  OK  [0m] Reached target Local File Systems.
         Starting LSB: AppArmor initialization...
         Starting Tell Plymouth To Write Out Runtime Data...
         Starting Create Volatile Files and Directories...
         Starting Set console font and keymap...
         Starting Initial cloud-init job (pre-networking)...
[[0;32m  OK  [0m] Started Tell Plymouth To Write Out Runtime Data.
[[0;32m  OK  [0m] Started Create Volatile Files and Directories.
         Starting Update UTMP about System Boot/Shutdown...
[[0;32m  OK  [0m] Started Update UTMP about System Boot/Shutdown.
[[0;32m  OK  [0m] Found device /dev/ttyS0.
[[0;32m  OK  [0m] Started LSB: AppArmor initialization.
[[0;32m  OK  [0m] Listening on Load/Save RF Kill Switch Status /dev/rfkill Watch.
         Starting Load AppArmor profiles managed internally by snapd...
[[0;32m  OK  [0m] Started Load AppArmor profiles managed internally by snapd.
[[0;32m  OK  [0m] Found device 82540EM Gigabit Ethern...r (PRO/1000 MT Desktop Adapter).
[[0;32m  OK  [0m] Found device 82540EM Gigabit Ethern...r (PRO/1000 MT Desktop Adapter).
[   10.745879] cloud-init[507]: Cloud-init v. 21.1-19-gbad84ad4-0ubuntu1~16.04.2 running 'init-local' at Mon, 18 Apr 2022 15:38:54 +0000. Up 10.43 seconds.
[[0;32m  OK  [0m] Started Initial cloud-init job (pre-networking).
[[0;32m  OK  [0m] Started Set console font and keymap.
[[0;32m  OK  [0m] Created slice system-getty.slice.
[[0;32m  OK  [0m] Reached target Network (Pre).
[[0;32m  OK  [0m] Started ifup for enp0s3.
[[0;32m  OK  [0m] Started ifup for enp0s8.
         Starting Raise network interfaces...
[[0;32m  OK  [0m] Started Raise network interfaces.
         Starting Initial cloud-init job (metadata service crawler)...
[[0;32m  OK  [0m] Reached target Network.
[   11.597863] cloud-init[1080]: Cloud-init v. 21.1-19-gbad84ad4-0ubuntu1~16.04.2 running 'init' at Mon, 18 Apr 2022 15:38:55 +0000. Up 11.37 seconds.
[   11.604536] cloud-init[1080]: ci-info: ++++++++++++++++++++++++++++++++++++++Net device info++++++++++++++++++++++++++++++++++++++
[   11.606355] cloud-init[1080]: ci-info: +--------+------+----------------------------+---------------+--------+-------------------+
[   11.608552] cloud-init[1080]: ci-info: | Device |  Up  |          Address           |      Mask     | Scope  |     Hw-Address    |
[   11.616450] cloud-init[1080]: ci-info: +--------+------+----------------------------+---------------+--------+-------------------+
[   11.628641] cloud-init[1080]: ci-info: | enp0s3 | True |         10.0.2.15          | 255.255.255.0 | global | 02:be:82:6b:cc:1d |
[   11.636498] cloud-init[1080]: ci-info: | enp0s3 | True | fe80::be:82ff:fe6b:cc1d/64 |       .       |  link  | 02:be:82:6b:cc:1d |
[[0;32m  OK  [0m] Started Initial cloud-init job (metadata service crawler).
[[0;32m  OK  [0m] Reached target Cloud-config availability.
[   11.645105] cloud-init[1080]: ci-info: | enp0s8 | True |       192.168.56.11        | 255.255.255.0 | global | 08:00:27:1c:05:88 |
[   11.664828] cloud-init[1080]: ci-info: | enp0s8 | True | fe80::a00:27ff:fe1c:588/64 |       .       |  link  | 08:00:27:1c:05:88 |
[[0;32m  OK  [0m] Reached target Network is Online.
[   11.672119] cloud-init[1080]: ci-info: |   lo   | True |         127.0.0.1          |   255.0.0.0   |  host  |         .         |
[   11.675286] cloud-init[1080]: ci-info: |   lo   | True |          ::1/128           |       .       |  host  |         .         |
[   11.684683] cloud-init[1080]: ci-info: +--------+------+----------------------------+---------------+--------+-------------------+
[   11.689227] cloud-init[1080]: ci-info: ++++++++++++++++++++++++++++Route IPv4 info++++++++++++++++++++++++++++
[   11.689526] cloud-init[1080]: ci-info: +-------+--------------+----------+---------------+-----------+-------+
         Starting iSCSI initiator daemon (iscsid)...
[   11.689618] cloud-init[1080]: ci-info: | Route | Destination  | Gateway  |    Genmask    | Interface | Flags |
[   11.694536] cloud-init[1080]: ci-info: +-------+--------------+----------+---------------+-----------+-------+
[   11.694725] cloud-init[1080]: ci-info: |   0   |   0.0.0.0    | 10.0.2.2 |    0.0.0.0    |   enp0s3  |   UG  |
[[0;32m  OK  [0m] Reached target System Initialization.
[[   11.694880] cloud-init[1080]: ci-info: |   1   |   10.0.2.0   | 0.0.0.0  | 255.255.255.0 |   enp0s3  |   U   |
[   11.699959] cloud-init[1080]: ci-info: |   2   | 192.168.56.0 | 0.0.0.0  | 255.255.255.0 |   enp0s8  |   U   |
[   11.700227] cloud-init[1080]: ci-info: +-------+--------------+----------+---------------+-----------+-------+
[   11.700483] cloud-init[1080]: ci-info: +++++++++++++++++++Route IPv6 info+++++++++++++++++++
[0;32m  OK  [0m] Listening on D-Bus System Message Bus Socket.
[   11.700616] cloud-init[1080]: ci-info: +-------+-------------+---------+-----------+-------+
[[0;32m  OK  [0m] Started Ubuntu Advantage Timer for running repeated jobs.
[   11.708384] cloud-init[1080]: ci-info: | Route | Destination | Gateway | Interface | Flags |
[   11.718004] cloud-init[1080]: ci-info: +-------+-------------+---------+-----------+-------+
[   11.718291] cloud-init[1080]: ci-info: |   0   |  fe80::/64  |    ::   |   enp0s8  |   U   |
[   11.718605] cloud-init[1080]: ci-info: |   1   |  fe80::/64  |    ::   |   enp0s3  |   U   |
         Starting LXD - unix socket.
[[0;32m  OK  [0m] [   11.718681] cloud-init[1080]: ci-info: |   4   |   ff00::/8  |    ::   |   enp0s8  |   U   |
[   11.724918] cloud-init[1080]: ci-info: |   5   |   ff00::/8  |    ::   |   enp0s3  |   U   |
[   11.727099] cloud-init[1080]: ci-info: +-------+-------------+---------+-----------+-------+
Started Daily Cleanup of Temporary Directories.
[[0;32m  OK  [0m] Listening on ACPID Listen Socket.
         Starting Socket activation for snappy daemon.
[[0;32m  OK  [0m] Started Message of the Day.
[[0;32m  OK  [0m] Started ACPI Events Check.
[[0;32m  OK  [0m] Started Trigger to poll for Ubuntu ...nly enabled on GCP LTS non-pro).
[[0;32m  OK  [0m] Reached target Paths.
[[0;32m  OK  [0m] Started Daily apt download activities.
[[0;32m  OK  [0m] Started Daily apt upgrade and clean activities.
[[0;32m  OK  [0m] Reached target Timers.
[[0;32m  OK  [0m] Listening on UUID daemon activation socket.
[[0;32m  OK  [0m] Listening on LXD - unix socket.
[[0;32m  OK  [0m] Listening on Socket activation for snappy daemon.
[[0;32m  OK  [0m] Reached target Sockets.
[[0;32m  OK  [0m] Reached target Basic System.
[[0;32m  OK  [0m] Started Deferred execution scheduler.
         Starting LSB: MD monitoring daemon...
         Starting LXD - container startup/shutdown...
         Starting Snap Daemon...
         Starting System Logging Service...
         Starting /etc/rc.local Compatibility...
[[0;32m  OK  [0m] Started ACPI event daemon.
         Starting LSB: Record successful boot for GRUB...
         Starting OpenBSD Secure Shell server...
[[0;32m  OK  [0m] Started Regular background program processing daemon.
         Starting Accounts Service...
         Starting Login Service...
[[0;32m  OK  [0m] Started FUSE filesystem for LXC.
[[0;32m  OK  [0m] Started D-Bus System Message Bus.
         Starting Virtualbox guest utils...
[[0;32m  OK  [0m] Started System Logging Service.
[[0;32m  OK  [0m] Started iSCSI initiator daemon (iscsid).
[[0;32m  OK  [0m] Started /etc/rc.local Compatibility.
[[0;32m  OK  [0m] Started OpenBSD Secure Shell server.
[[0;32m  OK  [0m] Started Login Service.
[[0;32m  OK  [0m] Started Unattended Upgrades Shutdown.
         Starting Authenticate and Authorize Users to Run Privileged Tasks...
         Starting Login to default iSCSI targets...
[[0;32m  OK  [0m] Started LSB: Record successful boot for GRUB.
[[0;32m  OK  [0m] Started LSB: MD monitoring daemon.
[[0;32m  OK  [0m] Started Login to default iSCSI targets.
[[0;32m  OK  [0m] Reached target Remote File Systems (Pre).
         Mounting /vagrant...
[[0;32m  OK  [0m] Started Authenticate and Authorize Users to Run Privileged Tasks.
[[0;32m  OK  [0m] Started Accounts Service.
[[0;1;31mFAILED[0m] Failed to mount /vagrant.
See 'systemctl status vagrant.mount' for details.
[[0;1;33mDEPEND[0m] Dependency failed for Remote File Systems.
         Starting LSB: daemon to balance interrupts for SMP systems...
         Starting Permit User Sessions...
         Starting LSB: automatic crash report generation...
         Starting LSB: Set the CPU Frequency Scaling governor to "ondemand"...
[[0;32m  OK  [0m] Started LXD - container startup/shutdown.
[[0;32m  OK  [0m] Started Permit User Sessions.
         Starting Hold until boot process finishes up...
         Starting Terminate Plymouth Boot Screen...
[[0;32m  OK  [0m] Started Virtualbox guest utils.
[[0;32m  OK  [0m] Started Hold until boot process finishes up.
[[0;32m  OK  [0m] Started Terminate Plymouth Boot Screen.
         Starting Set console scheme...
[[0;32m  OK  [0m] Started Serial Getty on ttyS0.
[[0;32m  OK  [0m] Started Getty on tty1.
[[0;32m  OK  [0m] Reached target Login Prompts.
[[0;32m  OK  [0m] Started LSB: Set the CPU Frequency Scaling governor to "ondemand".
[[0;32m  OK  [0m] Started Set console scheme.
[[0;32m  OK  [0m] Started LSB: daemon to balance interrupts for SMP systems.
[[0;32m  OK  [0m] Created slice User Slice of vagrant.
         Starting User Manager for UID 1000...
[[0;32m  OK  [0m] Started LSB: automatic crash report generation.
[[0;32m  OK  [0m] Started Session 1 of user vagrant.
[[0;32m  OK  [0m] Started Snap Daemon.
[[0;32m  OK  [0m] Started User Manager for UID 1000.
         Starting Wait until snapd is fully seeded...
[[0;32m  OK  [0m] Started Wait until snapd is fully seeded.
         Starting Apply the settings specified in cloud-config...
[[0;32m  OK  [0m] Reached target Multi-User System.
[[0;32m  OK  [0m] Reached target Graphical Interface.
         Starting Update UTMP about System Runlevel Changes...
[[0;32m  OK  [0m] Started Update UTMP about System Runlevel Changes.
[   12.928973] cloud-init[1359]: Cloud-init v. 21.1-19-gbad84ad4-0ubuntu1~16.04.2 running 'modules:config' at Mon, 18 Apr 2022 15:38:57 +0000. Up 12.73 seconds.
[[0;32m  OK  [0m] Started Apply the settings specified in cloud-config.
         Starting Execute cloud user/final scripts...
[   13.381508] cloud-init[1430]: Cloud-init v. 21.1-19-gbad84ad4-0ubuntu1~16.04.2 running 'modules:final' at Mon, 18 Apr 2022 15:38:57 +0000. Up 13.28 seconds.
[   13.383779] cloud-init[1430]: Cloud-init v. 21.1-19-gbad84ad4-0ubuntu1~16.04.2 finished at Mon, 18 Apr 2022 15:38:57 +0000. Datasource DataSourceNoCloud [seed=/dev/sdb][dsmode=net].  Up 13.37 seconds
[[0;32m  OK  [0m] Started Execute cloud user/final scripts.
[[0;32m  OK  [0m] Reached target Cloud-init target.

Ubuntu 16.04.7 LTS mule-runtime-production ttyS0

mule-runtime-production login: 